2026.07.19 12:50:27 | core.stats_api | INFO | Getting tokens...
2026.07.19 12:50:28 | core.stats_api | INFO | Tokens updated
2026.07.19 12:50:30 | core.services.services | INFO | Match 1784453858 The Onryō saved.
2026.07.19 12:50:30 | core.services.services | INFO | All Available matches saved.
2026.07.19 13:01:40 | core.services.services | INFO | All Available matches saved.
2026.07.19 13:12:48 | core.services.services | INFO | All Available matches saved.
2026.07.19 13:19:07 | core.services.services | INFO | Match 1784455341 The Onryō saved.
2026.07.19 13:19:07 | core.services.services | INFO | All Available matches saved.
2026.07.19 13:29:52 | core.services.services | INFO | All Available matches saved.
2026.07.19 13:41:01 | core.services.services | INFO | All Available matches saved.
2026.07.19 13:51:50 | core.stats_api | INFO | Getting tokens...
2026.07.19 13:51:51 | core.stats_api | INFO | Tokens updated
2026.07.19 13:51:54 | core.services.services | INFO | Match 1784457142 The Onryō saved.
2026.07.19 13:51:54 | core.services.services | INFO | All Available matches saved.
2026.07.19 14:03:29 | core.services.services | INFO | All Available matches saved.
2026.07.19 14:09:32 | core.services.services | INFO | All Available matches saved.
2026.07.19 14:17:03 | core.services.services | INFO | All Available matches saved.
2026.07.19 14:25:02 | core.services.services | INFO | All Available matches saved.
2026.07.19 14:35:24 | core.services.services | INFO | All Available matches saved.
2026.07.19 14:45:45 | core.services.services | INFO | All Available matches saved.
2026.07.19 14:56:05 | core.stats_api | INFO | Getting tokens...
2026.07.19 14:56:06 | core.stats_api | INFO | Tokens updated
2026.07.19 14:56:08 | core.services.services | INFO | All Available matches saved.
2026.07.19 15:04:58 | core.services.services | INFO | All Available matches saved.
2026.07.19 15:16:28 | core.services.services | INFO | All Available matches saved.
2026.07.19 15:27:57 | core.services.services | INFO | All Available matches saved.
2026.07.19 15:39:26 | core.services.services | INFO | All Available matches saved.
2026.07.19 15:50:16 | core.services.services | INFO | All Available matches saved.
2026.07.19 16:00:24 | core.stats_api | INFO | Getting tokens...
2026.07.19 16:00:25 | core.stats_api | INFO | Tokens updated
2026.07.19 16:00:27 | core.services.services | INFO | All Available matches saved.
2026.07.19 16:00:37 | core.services.services | INFO | All Available matches saved.
2026.07.19 16:03:18 | core.services.services | INFO | All Available matches saved.
2026.07.19 16:12:23 | core.services.services | INFO | All Available matches saved.
2026.07.19 16:13:50 | core.services.services | INFO | All Available matches saved.
2026.07.19 16:14:22 | core.services.services | INFO | All Available matches saved.
2026.07.19 16:15:39 | core.services.services | INFO | All Available matches saved.
2026.07.19 16:29:02 | core.services.services | INFO | All Available matches saved.
2026.07.19 16:42:24 | core.services.services | INFO | All Available matches saved.
2026.07.19 16:55:46 | core.services.services | INFO | All Available matches saved.
2026.07.20 12:04:32 | core.stats_api | INFO | Getting tokens...
2026.07.20 12:04:33 | core.stats_api | INFO | Tokens updated
2026.07.20 12:04:35 | core.services.services | INFO | Match 1784528930 Mikaela Reid saved.
2026.07.20 12:04:35 | core.services.services | INFO | Match 1784528215 Mikaela Reid saved.
2026.07.20 12:04:35 | core.services.services | INFO | Match 1784527242 Mikaela Reid saved.
2026.07.20 12:04:35 | core.services.services | INFO | Match 1784526162 Mikaela Reid saved.
2026.07.20 12:04:35 | core.services.services | INFO | Match 1784525586 Mikaela Reid saved.
2026.07.20 12:04:35 | core.services.services | INFO | All Available matches saved.
2026.07.20 12:12:54 | core.services.services | INFO | All Available matches saved.
2026.07.20 12:13:42 | core.services.services | INFO | All Available matches saved.
2026.07.20 12:20:32 | core.services.services | INFO | All Available matches saved.
2026.07.20 12:31:49 | core.services.services | INFO | All Available matches saved.
2026.07.20 12:43:06 | core.services.services | INFO | Match 1784539636 Mikaela Reid saved.
2026.07.20 12:43:06 | core.services.services | INFO | All Available matches saved.
2026.07.20 12:54:25 | core.services.services | INFO | All Available matches saved.
2026.07.20 13:05:41 | core.stats_api | INFO | Getting tokens...
2026.07.20 13:05:42 | core.stats_api | INFO | Tokens updated
2026.07.20 13:05:44 | core.services.services | INFO | Match 1784541431 Mikaela Reid saved.
2026.07.20 13:05:44 | core.services.services | INFO | Match 1784540618 Mikaela Reid saved.
2026.07.20 13:05:44 | core.services.services | INFO | All Available matches saved.
2026.07.20 13:05:46 | core.stats_api | ERROR | Error: 404 Not Found <!DOCTYPE html><html lang="en"><head><meta charSet="utf-8" data-next-head=""/><meta name="viewport" content="width=device-width" data-next-head=""/><title data-next-head="">Dead by Daylight | Page Not Found</title><meta name="description" content="The Dead by Daylight Official Stats Tracker lets you deep dive into your match history to track kills, escapes, Perk use, character performance, and everything in between.  Enjoy valuable insights on your progress in The Fog." data-next-head=""/><meta name="image" content="/static/images/share.jpg" data-next-head=""/><meta property="og:title" content="Dead by Daylight | Page Not Found" data-next-head=""/><meta property="og:description" content="The Dead by Daylight Official Stats Tracker lets you deep dive into your match history to track kills, escapes, Perk use, character performance, and everything in between.  Enjoy valuable insights on your progress in The Fog." data-next-head=""/><meta property="og:image" content="/static/images/share.jpg" data-next-head=""/><meta property="og:image:alt" content="Dead by Daylight | Page Not Found" data-next-head=""/><meta property="og:url" content="https://stats.deadbydaylight.com/404/" data-next-head=""/><meta property="og:type" content="website" data-next-head=""/><meta property="og:site_name" content="Dead by Daylight" data-next-head=""/><meta name="twitter:title" content="Dead by Daylight | Page Not Found" data-next-head=""/><meta name="twitter:description" content="The Dead by Daylight Official Stats Tracker lets you deep dive into your match history to track kills, escapes, Perk use, character performance, and everything in between.  Enjoy valuable insights on your progress in The Fog." data-next-head=""/><meta name="twitter:image" content="/static/images/share.jpg" data-next-head=""/><meta name="twitter:image:alt" content="Dead by Daylight | Page Not Found" data-next-head=""/><meta name="twitter:card" content="summary_large_image" data-next-head=""/><meta name="twitter:creator" content="DeadbyDaylight" data-next-head=""/><meta name="robots" content="noindex, nofollow" data-next-head=""/><link rel="alternate" hrefLang="x-default" href="https://stats.deadbydaylight.com/404" data-next-head=""/><link rel="alternate" hrefLang="fr" href="https://stats.deadbydaylight.com/fr/404" data-next-head=""/><link rel="alternate" hrefLang="es" href="https://stats.deadbydaylight.com/es/404" data-next-head=""/><link rel="alternate" hrefLang="de" href="https://stats.deadbydaylight.com/de/404" data-next-head=""/><link rel="alternate" hrefLang="pt" href="https://stats.deadbydaylight.com/pt/404" data-next-head=""/><link rel="alternate" hrefLang="ja" href="https://stats.deadbydaylight.com/ja/404" data-next-head=""/><link rel="alternate" hrefLang="zh" href="https://stats.deadbydaylight.com/zh/404" data-next-head=""/><link rel="alternate" hrefLang="zht" href="https://stats.deadbydaylight.com/zht/404" data-next-head=""/><link rel="alternate" hrefLang="ru" href="https://stats.deadbydaylight.com/ru/404" data-next-head=""/><link rel="canonical" href="https://stats.deadbydaylight.com/404" data-next-head=""/><link rel="icon" href="/favicon.svg" sizes="any"/><link rel="manifest" href="/manifest.json"/><link rel="preload" href="/_next/static/media/68180864d7f93f02-s.p.woff2" as="font" type="font/woff2" crossorigin="anonymous" data-next-font="size-adjust"/><link rel="preload" href="/_next/static/media/1e41be92c43b3255-s.p.woff2" as="font" type="font/woff2" crossorigin="anonymous" data-next-font="size-adjust"/><link rel="preload" href="/_next/static/css/0ad15fb5f9d8882a.css" as="style"/><link rel="stylesheet" href="/_next/static/css/0ad15fb5f9d8882a.css" data-n-g=""/><noscript data-n-css=""></noscript><script defer="" noModule="" src="/_next/static/chunks/polyfills-42372ed130431b0a.js"></script><script src="https://cmp.osano.com/AzytefSbMtwBu8HAA/92438bbe-e6b5-42de-a84e-b315f250ae91/osano.js" defer="" data-nscript="beforeInteractive"></script><script src="/_next/static/chunks/webpack-d3e4f9e3ec55109e.js" defer=""></script><script src="/_next/static/chunks/framework-e1fe9760b484fc49.js" defer=""></script><script src="/_next/static/chunks/main-ff534f91e31147a5.js" defer=""></script><script src="/_next/static/chunks/pages/_app-5772e48952f04e33.js" defer=""></script><script src="/_next/static/chunks/pages/404-39ae456404a52bf7.js" defer=""></script><script src="/_next/static/6Hqk93ZVdjhfVax8eyIdH/_buildManifest.js" defer=""></script><script src="/_next/static/6Hqk93ZVdjhfVax8eyIdH/_ssgManifest.js" defer=""></script></head><body><div id="__next"><div id="app" class="flex w-full flex-col overflow-clip font-sans __variable_ad9d8d __variable_ab14c8 __variable_7c046f __variable_03ed79 __variable_bcd532" data-theme="dbd"><div class="relative top-0 left-0 right-0 z-50 lg:sticky w-full pointer-events-none"><div aria-hidden="true" role="alert" class="invisible transition-all duration-500 pointer-events-auto"></div></div><div class="fixed bottom-0 left-0 right-0 z-50 w-full 3xl:max-w-content px-4 sm:px-10 2xl:px-24 3xl:px-0 pb-10 pointer-events-none mx-auto"><div aria-hidden="true" role="alertdialog" aria-live="polite" aria-atomic="true" class="flex items-end justify-center invisible transition-all duration-500" data-cy="alertdialog"></div></div><div id="scrollContainer" class="group/scroll-wrapper h-full flex flex-col justify-stretch relative text-white before:z-10 before:fixed before:bottom-0 before:left-0 before:h-16 lg:before:h-28 before:w-full before:pointer-events-none before:bg-linear-to-t before:from-surface-black before:from-20% before:to-surface-dark/0 before:transition-all before:ease-in-out before:duration-300 data-bottom:before:opacity-0" data-bottom="true" data-sticky-picker="true"></div></div></div><script id="__NEXT_DATA__" type="application/json">{"props":{"pageProps":{"_nextI18Next":{"initialI18nStore":{"en":{"common":{"common":{"close":"Close","sign-in":"Sign In","statistics":"Statistics","go-back":"Go back","error-page":{"404":"404 Error","title":"We can’t find that page","description":"Sorry, the page you are looking for doesn't exist or has been moved.","meta":{"title":"Page Not Found"}},"go-home":"Take me home","today":"Today","footer":{"about-us":"About Us","privacy-policy":"Privacy Policy","terms-of-use":"Terms of Use","support":"Support","copyright":"© {{year}} and BEHAVIOUR, DEAD BY DAYLIGHT and other related trademarks and logos belong to Behaviour Interactive Inc. All rights reserved.","talk-games":"Talk Games With Us","links":{"about-us":"https://www.bhvr.com/about-us/","privacy-policy":"https://www.bhvr.com/privacy-policy/","terms-of-use":"https://www.bhvr.com/terms-of-use/","support":"https://support.deadbydaylight.com/hc/en-us/requests/new"}},"bhvr":{"website":"https://bhvr.com","title":"Behaviour Interactive"},"notifications":{"error":{"generic":{"title":"An error has occurred","description":"Please try again later."},"login":{"title":"An error has occurred","description":"The connection to your Behaviour account has failed. Please try again later."},"expired":{"title":"Session Expired","description":"Your session has expired. Please log in again."},"network":{"title":"Network Error","description":"A network error occurred. Please check your connection and try again."}}},"recent-match-history":"Recent Match History","add-platform":"Link Game Accounts","sync-progress":"Sync progress","sync-more":"Sync more platforms","cross-prog-enabled":"Cross-progression enabled","logout":"Log out","providers":{"psn":"Playstation","steam":"Steam","egs":"Epic Games Store","xbox":"Xbox","xbl":"Microsoft/Xbox","xblStarbreeze":"Microsoft/Xbox","xblXuid":"Microsoft/Xbox","nintendo":"Nintendo","grdk":"Microsoft Store","bhvr":"Behaviour Account"},"expand-all":"Expand all","collapse-all":"Collapse all","faq-short":"FAQ","faq-long":"Frequently asked questions","submit-request":"Report an issue","submit-request-link":"https://support.deadbydaylight.com/hc/en-us/requests/new","how-it-works":"How it works","countries":{"iso-to-name":{"fr":"Français","en":"English","es":"Español","de":"Deutsche","pt":"Português","ja":"日本語","ru":"Русский","zh":"中文（简体）","zht":"正體中文"}},"expired":"Expired","sign-up":"Join now","community-stats":"Community Stats","play":"Play","pause":"Pause","next":"Next","get-on-steam":"Get it on Steam","previous":"Previous","match-history":"Match History","news-long":"Stats from the Fog","news":"News","archives":"Archives","discount-starting-at":"Starting at {{discount}}"}}}},"initialLocale":"en","ns":["common"],"userConfig":{"i18n":{"locales":["en","fr","es","de","pt","ja","zh","zht","ru"],"defaultLocale":"en","localeDetection":false,"defaultNS":"common"}}}},"__N_SSG":true},"page":"/404","query":{},"buildId":"6Hqk93ZVdjhfVax8eyIdH","isFallback":false,"gsp":true,"scriptLoader":[]}</script></body></html>
2026.07.20 13:05:46 | __main__ | ERROR | unsupported type for timedelta seconds component: NoneType
2026.07.20 13:05:47 | core.services.services | INFO | All Available matches saved.
2026.07.20 13:17:03 | core.services.services | INFO | Match 1784541719 Mikaela Reid saved.
2026.07.20 13:17:04 | core.services.services | INFO | All Available matches saved.
2026.07.20 13:28:22 | core.services.services | INFO | Match 1784542350 Mikaela Reid saved.
2026.07.20 13:28:22 | core.services.services | INFO | All Available matches saved.
2026.07.20 13:39:42 | core.services.services | INFO | All Available matches saved.
2026.07.20 13:50:58 | core.services.services | INFO | Match 1784543152 Mikaela Reid saved.
2026.07.20 13:50:58 | core.services.services | INFO | All Available matches saved.
2026.07.20 14:02:18 | core.services.services | INFO | Match 1784544241 Mikaela Reid saved.
2026.07.20 14:02:18 | core.services.services | INFO | All Available matches saved.
2026.07.20 14:13:37 | core.stats_api | INFO | Getting tokens...
2026.07.20 14:13:38 | core.stats_api | INFO | Tokens updated
2026.07.20 14:13:40 | core.services.services | INFO | Match 1784545249 Mikaela Reid saved.
2026.07.20 14:13:40 | core.services.services | INFO | All Available matches saved.
2026.07.20 14:24:58 | core.services.services | INFO | Match 1784545819 Mikaela Reid saved.
2026.07.20 14:24:58 | core.services.services | INFO | All Available matches saved.
2026.07.20 14:36:17 | core.services.services | INFO | All Available matches saved.
2026.07.20 14:47:33 | core.services.services | INFO | All Available matches saved.
2026.07.20 14:58:49 | core.services.services | INFO | Match 1784547476 The Onryō saved.
2026.07.20 14:58:49 | core.services.services | INFO | All Available matches saved.
2026.07.20 15:10:08 | core.services.services | INFO | All Available matches saved.
2026.07.20 15:21:24 | core.stats_api | INFO | Getting tokens...
2026.07.20 15:21:25 | core.stats_api | INFO | Tokens updated
2026.07.20 15:21:26 | core.services.services | INFO | Match 1784548666 The Onryō saved.
2026.07.20 15:21:26 | core.services.services | INFO | All Available matches saved.
2026.07.20 15:32:46 | core.services.services | INFO | Match 1784549885 The Onryō saved.
2026.07.20 15:32:46 | core.services.services | INFO | All Available matches saved.
2026.07.20 15:44:05 | core.services.services | INFO | All Available matches saved.
2026.07.20 15:55:21 | core.services.services | INFO | Match 1784551454 The Onryō saved.
2026.07.20 15:55:21 | core.services.services | INFO | All Available matches saved.
2026.07.20 15:55:24 | core.services.services | INFO | All Available matches saved.
2026.07.20 16:09:17 | core.services.services | INFO | All Available matches saved.
2026.07.20 16:23:08 | core.stats_api | INFO | Getting tokens...
2026.07.20 16:23:09 | core.stats_api | INFO | Tokens updated
2026.07.20 16:23:11 | core.services.services | INFO | All Available matches saved.
2026.07.20 16:37:03 | core.services.services | INFO | Match 1784552984 The Onryō saved.
2026.07.20 16:37:03 | core.services.services | INFO | All Available matches saved.
2026.07.20 16:51:03 | core.services.services | INFO | All Available matches saved.
2026.07.20 16:55:45 | core.services.services | INFO | Match 1784554861 The Onryō saved.
2026.07.20 16:55:45 | core.services.services | INFO | All Available matches saved.
2026.07.20 17:06:12 | core.services.services | INFO | All Available matches saved.
2026.07.20 17:16:36 | core.services.services | INFO | Match 1784556253 The Onryō saved.
2026.07.20 17:16:36 | core.services.services | INFO | All Available matches saved.
2026.07.20 17:27:02 | core.stats_api | INFO | Getting tokens...
2026.07.20 17:27:03 | core.stats_api | INFO | Tokens updated
2026.07.20 17:27:04 | core.services.services | INFO | All Available matches saved.
2026.07.20 17:37:29 | core.services.services | INFO | Match 1784557665 The Onryō saved.
2026.07.20 17:37:29 | core.services.services | INFO | All Available matches saved.
2026.07.20 17:47:56 | core.services.services | INFO | All Available matches saved.
2026.07.20 17:58:56 | core.services.services | INFO | Match 1784558442 The Onryō saved.
2026.07.20 17:58:56 | core.services.services | INFO | All Available matches saved.
2026.07.20 18:09:23 | core.services.services | INFO | Match 1784559593 The Onryō saved.
2026.07.20 18:09:23 | core.services.services | INFO | All Available matches saved.
2026.07.20 18:19:50 | core.services.services | INFO | All Available matches saved.
2026.07.20 18:30:13 | core.stats_api | INFO | Getting tokens...
2026.07.20 18:30:14 | core.stats_api | INFO | Tokens updated
2026.07.20 18:30:16 | core.services.services | INFO | Match 1784560415 The Onryō saved.
2026.07.20 18:30:16 | core.services.services | INFO | All Available matches saved.
2026.07.20 18:40:43 | core.services.services | INFO | All Available matches saved.
2026.07.20 18:51:07 | core.services.services | INFO | Match 1784561737 The Onryō saved.
2026.07.20 18:51:07 | core.services.services | INFO | All Available matches saved.
2026.07.20 19:01:35 | core.services.services | INFO | All Available matches saved.
2026.07.20 19:04:28 | core.services.services | INFO | Match 1784562709 The Onryō saved.
2026.07.20 19:04:28 | core.services.services | INFO | All Available matches saved.
2026.07.20 19:15:30 | core.services.services | INFO | All Available matches saved.
2026.07.20 19:26:30 | core.services.services | INFO | Match 1784563803 The Onryō saved.
2026.07.20 19:26:30 | core.services.services | INFO | All Available matches saved.
2026.07.20 19:37:31 | core.stats_api | INFO | Getting tokens...
2026.07.20 19:37:32 | core.stats_api | INFO | Tokens updated
2026.07.20 19:37:33 | core.services.services | INFO | All Available matches saved.
2026.07.20 19:48:32 | core.services.services | INFO | Match 1784564793 The Singularity saved.
2026.07.20 19:48:32 | core.services.services | INFO | All Available matches saved.
2026.07.20 19:59:35 | core.services.services | INFO | All Available matches saved.
2026.07.20 20:10:34 | core.services.services | INFO | Match 1784565956 The Singularity saved.
2026.07.20 20:10:34 | core.services.services | INFO | All Available matches saved.
2026.07.20 20:21:35 | core.services.services | INFO | Match 1784567244 The Singularity saved.
2026.07.20 20:21:35 | core.services.services | INFO | All Available matches saved.
2026.07.20 20:32:37 | core.services.services | INFO | All Available matches saved.
2026.07.20 20:38:52 | core.stats_api | INFO | Getting tokens...
2026.07.20 20:38:52 | core.stats_api | INFO | Tokens updated
2026.07.20 20:38:54 | core.services.services | INFO | Match 1784568221 The Singularity saved.
2026.07.20 20:38:54 | core.services.services | INFO | All Available matches saved.
2026.07.20 20:53:14 | core.services.services | INFO | All Available matches saved.
2026.07.20 21:07:09 | core.services.services | INFO | Match 1784569626 The Singularity saved.
2026.07.20 21:07:09 | core.services.services | INFO | All Available matches saved.
2026.07.20 21:21:13 | core.services.services | INFO | All Available matches saved.
2026.07.20 21:35:08 | core.services.services | INFO | All Available matches saved.
2026.07.20 21:42:01 | core.stats_api | INFO | Getting tokens...
2026.07.20 21:42:02 | core.stats_api | INFO | Tokens updated
2026.07.20 21:42:03 | core.services.services | INFO | Match 1784571662 The Singularity saved.
2026.07.20 21:42:03 | core.services.services | INFO | All Available matches saved.
2026.07.20 21:57:17 | core.services.services | INFO | All Available matches saved.
2026.07.20 22:10:41 | core.services.services | INFO | All Available matches saved.
2026.07.20 22:24:05 | core.services.services | INFO | All Available matches saved.
2026.07.20 22:35:13 | core.services.services | INFO | All Available matches saved.
2026.07.20 22:46:55 | core.stats_api | INFO | Getting tokens...
2026.07.20 22:46:56 | core.stats_api | INFO | Tokens updated
2026.07.20 22:46:58 | core.services.services | INFO | All Available matches saved.
2026.07.20 22:58:41 | core.services.services | INFO | All Available matches saved.
2026.07.20 23:02:19 | core.services.services | INFO | All Available matches saved.
2026.07.20 23:12:53 | core.services.services | INFO | All Available matches saved.
2026.07.20 23:23:27 | core.services.services | INFO | All Available matches saved.
2026.07.20 23:34:02 | core.services.services | INFO | Match 1784578444 The Singularity saved.
2026.07.20 23:34:02 | core.services.services | INFO | All Available matches saved.
2026.07.20 23:44:38 | core.services.services | INFO | All Available matches saved.
2026.07.20 23:55:12 | core.stats_api | INFO | Getting tokens...
2026.07.20 23:55:13 | core.stats_api | INFO | Tokens updated
2026.07.20 23:55:14 | core.services.services | INFO | Match 1784579445 The Singularity saved.
2026.07.20 23:55:14 | core.services.services | INFO | All Available matches saved.
2026.07.21 00:05:52 | core.services.services | INFO | Match 1784580773 The Singularity saved.
2026.07.21 00:05:52 | core.services.services | INFO | All Available matches saved.
2026.07.21 00:14:16 | core.services.services | INFO | All Available matches saved.
2026.07.21 00:14:36 | core.services.services | INFO | All Available matches saved.
2026.07.21 00:14:45 | core.services.services | INFO | All Available matches saved.
2026.07.21 00:29:00 | core.services.services | INFO | All Available matches saved.
2026.07.21 00:43:16 | core.services.services | INFO | Match 1784582235 The Singularity saved.
2026.07.21 00:43:16 | core.services.services | INFO | All Available matches saved.
2026.07.21 00:53:53 | core.services.services | INFO | Match 1784583422 The Singularity saved.
2026.07.21 00:53:53 | core.services.services | INFO | All Available matches saved.
2026.07.21 00:53:56 | core.services.services | INFO | All Available matches saved.
2026.07.21 00:54:46 | core.services.services | INFO | All Available matches saved.
2026.07.21 01:08:35 | core.stats_api | INFO | Getting tokens...
2026.07.21 01:08:36 | core.stats_api | INFO | Tokens updated
2026.07.21 01:08:37 | core.services.services | INFO | All Available matches saved.
2026.07.21 01:12:21 | core.services.services | INFO | Match 1784584659 The Singularity saved.
2026.07.21 01:12:21 | core.services.services | INFO | All Available matches saved.
2026.07.21 01:26:50 | core.services.services | INFO | All Available matches saved.
2026.07.21 01:41:27 | __main__ | ERROR | Cannot connect to host account-backend.bhvr.com:443 ssl:default [Указанное сетевое имя более недоступно]
2026.07.21 15:49:09 | core.stats_api | INFO | Getting tokens...
2026.07.21 15:49:10 | core.stats_api | INFO | Tokens updated
2026.07.21 15:49:12 | core.services.services | INFO | Match 1784637267 The Singularity saved.
2026.07.21 15:49:12 | core.services.services | INFO | Match 1784636028 The Singularity saved.
2026.07.21 15:49:12 | core.services.services | INFO | Match 1784634677 The Singularity saved.
2026.07.21 15:49:12 | core.services.services | INFO | All Available matches saved.
2026.07.21 16:00:17 | core.services.services | INFO | All Available matches saved.
2026.07.21 16:11:21 | core.services.services | INFO | Match 1784638537 The Singularity saved.
2026.07.21 16:11:21 | core.services.services | INFO | All Available matches saved.
2026.07.21 16:11:46 | core.services.services | INFO | All Available matches saved.
2026.07.21 16:24:22 | core.services.services | INFO | Match 1784639934 The Singularity saved.
2026.07.21 16:24:23 | core.services.services | INFO | All Available matches saved.
2026.07.21 16:26:25 | core.services.services | INFO | All Available matches saved.
2026.07.21 16:37:33 | core.services.services | INFO | All Available matches saved.
2026.07.21 16:49:02 | core.services.services | INFO | Match 1784640486 The Singularity saved.
2026.07.21 16:49:02 | core.services.services | INFO | All Available matches saved.
2026.07.21 17:00:31 | core.stats_api | INFO | Getting tokens...
2026.07.21 17:00:32 | core.stats_api | INFO | Tokens updated
2026.07.21 17:00:33 | core.services.services | INFO | All Available matches saved.
2026.07.21 19:05:40 | core.stats_api | INFO | Getting tokens...
2026.07.21 19:05:41 | core.stats_api | INFO | Tokens updated
2026.07.21 19:05:42 | core.services.services | INFO | Match 1784643625 The Singularity saved.
2026.07.21 19:05:42 | core.services.services | INFO | All Available matches saved.
2026.07.21 19:17:55 | core.services.services | INFO | All Available matches saved.
2026.07.21 19:23:04 | core.services.services | INFO | Match 1784650023 The Singularity saved.
2026.07.21 19:23:04 | core.services.services | INFO | All Available matches saved.
2026.07.21 19:33:48 | core.services.services | INFO | All Available matches saved.
2026.07.21 19:44:29 | core.services.services | INFO | All Available matches saved.
2026.07.21 19:55:10 | core.services.services | INFO | Match 1784651313 The Singularity saved.
2026.07.21 19:55:10 | core.services.services | INFO | All Available matches saved.
2026.07.21 20:05:52 | core.stats_api | INFO | Getting tokens...
2026.07.21 20:06:51 | __main__ | ERROR | Cannot connect to host account-backend.bhvr.com:443 ssl:default [None]
2026.07.21 20:06:51 | core.stats_api | INFO | Getting tokens...
2026.07.21 20:06:52 | core.stats_api | INFO | Tokens updated
2026.07.21 20:06:54 | core.services.services | INFO | All Available matches saved.
2026.07.21 20:17:35 | core.services.services | INFO | Match 1784652707 The Nurse saved.
2026.07.21 20:17:35 | core.services.services | INFO | All Available matches saved.
2026.07.21 20:29:07 | core.services.services | INFO | All Available matches saved.
2026.07.21 20:39:48 | core.services.services | INFO | Match 1784654404 The Singularity saved.
2026.07.21 20:39:48 | core.services.services | INFO | All Available matches saved.
2026.07.21 20:50:32 | core.services.services | INFO | Match 1784655299 The Singularity saved.
2026.07.21 20:50:32 | core.services.services | INFO | All Available matches saved.
2026.07.21 20:56:58 | core.services.services | INFO | All Available matches saved.
2026.07.21 21:08:53 | core.stats_api | INFO | Getting tokens...
2026.07.21 21:08:54 | core.stats_api | INFO | Tokens updated
2026.07.21 21:08:58 | core.services.services | INFO | All Available matches saved.
2026.07.21 21:09:10 | core.services.services | INFO | All Available matches saved.
2026.07.21 21:11:58 | core.services.services | INFO | All Available matches saved.
2026.07.21 21:23:48 | core.services.services | INFO | All Available matches saved.
2026.07.21 21:35:38 | core.services.services | INFO | All Available matches saved.
2026.07.21 21:37:22 | core.services.services | INFO | All Available matches saved.
2026.07.21 21:51:00 | core.services.services | INFO | All Available matches saved.
2026.07.21 21:52:59 | core.services.services | INFO | All Available matches saved.
2026.07.22 08:19:09 | core.stats_api | INFO | Getting tokens...
2026.07.22 08:19:09 | core.stats_api | INFO | Tokens updated
2026.07.22 08:19:11 | core.services.services | INFO | Match 1784695058 The Singularity saved.
2026.07.22 08:19:11 | core.services.services | INFO | Match 1784696305 The Singularity saved.
2026.07.22 08:19:11 | core.services.services | INFO | All Available matches saved.
2026.07.22 08:19:12 | __main__ | ERROR | 'VE_SurrenderDraw'
2026.07.22 08:19:14 | core.services.services | INFO | All Available matches saved.
2026.07.22 08:20:42 | core.stats_api | INFO | Getting tokens...
2026.07.22 08:20:43 | core.stats_api | INFO | Tokens updated
2026.07.22 08:20:44 | core.services.services | INFO | All Available matches saved.
2026.07.22 08:34:13 | core.services.services | INFO | All Available matches saved.
2026.07.22 08:47:41 | core.services.services | INFO | All Available matches saved.
2026.07.22 09:01:09 | core.services.services | INFO | All Available matches saved.
2026.07.22 09:14:37 | core.services.services | INFO | All Available matches saved.
2026.07.22 09:28:05 | core.stats_api | INFO | Getting tokens...
2026.07.22 09:28:05 | core.stats_api | INFO | Tokens updated
2026.07.22 09:28:07 | core.services.services | INFO | All Available matches saved.
2026.07.22 09:32:07 | core.services.services | INFO | All Available matches saved.
2026.07.22 09:39:41 | core.services.services | INFO | All Available matches saved.
2026.07.22 09:47:06 | core.services.services | INFO | All Available matches saved.
2026.07.22 09:47:20 | core.services.services | INFO | All Available matches saved.
2026.07.22 09:49:12 | core.services.services | INFO | All Available matches saved.
2026.07.22 09:55:57 | core.services.services | INFO | All Available matches saved.
2026.07.22 09:57:43 | core.services.services | INFO | All Available matches saved.
2026.07.22 09:57:49 | core.services.services | INFO | All Available matches saved.
2026.07.22 10:00:45 | core.services.services | INFO | All Available matches saved.
2026.07.22 10:01:27 | core.services.services | INFO | All Available matches saved.
2026.07.22 10:01:30 | core.services.services | INFO | All Available matches saved.
2026.07.22 10:01:33 | core.services.services | INFO | All Available matches saved.
2026.07.22 10:01:35 | core.services.services | INFO | All Available matches saved.
2026.07.22 10:02:47 | core.services.services | INFO | All Available matches saved.
2026.07.22 10:02:51 | core.services.services | INFO | All Available matches saved.
2026.07.22 10:02:52 | core.services.services | INFO | All Available matches saved.
2026.07.22 10:02:54 | core.services.services | INFO | All Available matches saved.
2026.07.22 10:16:08 | core.services.services | INFO | All Available matches saved.
2026.07.22 10:26:31 | core.services.services | INFO | All Available matches saved.
2026.07.22 10:27:07 | core.services.services | INFO | All Available matches saved.
2026.07.22 10:27:13 | core.services.services | INFO | All Available matches saved.
2026.07.22 10:39:47 | core.stats_api | INFO | Getting tokens...
2026.07.22 10:39:48 | core.stats_api | INFO | Tokens updated
2026.07.22 10:39:49 | core.services.services | INFO | All Available matches saved.
2026.07.22 10:54:07 | core.services.services | INFO | All Available matches saved.
2026.07.22 11:08:52 | core.services.services | INFO | All Available matches saved.
2026.07.22 11:23:37 | core.services.services | INFO | All Available matches saved.
2026.07.22 11:38:23 | core.services.services | INFO | All Available matches saved.
2026.07.22 11:53:07 | core.stats_api | INFO | Getting tokens...
2026.07.22 11:53:08 | core.stats_api | INFO | Tokens updated
2026.07.22 11:53:09 | core.services.services | INFO | All Available matches saved.
2026.07.22 11:55:33 | core.services.services | INFO | All Available matches saved.
2026.07.22 11:57:51 | core.services.services | INFO | All Available matches saved.
2026.07.22 11:57:53 | core.services.services | INFO | All Available matches saved.
2026.07.22 12:08:23 | core.services.services | INFO | All Available matches saved.
2026.07.22 12:15:59 | core.services.services | INFO | All Available matches saved.
2026.07.22 12:29:00 | core.services.services | INFO | All Available matches saved.
2026.07.22 12:42:01 | core.services.services | INFO | All Available matches saved.
2026.07.22 12:52:12 | core.services.services | INFO | All Available matches saved.
2026.07.22 12:52:34 | core.stats_api | INFO | Getting tokens...
2026.07.22 12:52:35 | core.stats_api | INFO | Tokens updated
2026.07.22 12:52:37 | core.services.services | INFO | All Available matches saved.
2026.07.22 13:04:39 | core.services.services | INFO | All Available matches saved.
2026.07.22 13:05:55 | core.services.services | INFO | Match 1784714047 Nea Karlsson saved.
2026.07.22 13:05:55 | core.services.services | INFO | All Available matches saved.
2026.07.22 13:05:55 | __main__ | ERROR | 'NoneType' object has no attribute 'id'
2026.07.22 13:05:57 | core.services.services | INFO | All Available matches saved.
2026.07.22 13:20:47 | core.services.services | INFO | All Available matches saved.
2026.07.22 13:35:37 | core.services.services | INFO | Match 1784716271 The Singularity saved.
2026.07.22 13:35:37 | core.services.services | INFO | All Available matches saved.
2026.07.22 13:35:37 | __main__ | ERROR | 'NoneType' object has no attribute 'id'
2026.07.22 13:35:39 | core.services.services | INFO | All Available matches saved.
2026.07.22 13:38:09 | core.services.services | INFO | All Available matches saved.
2026.07.22 13:41:48 | core.stats_api | INFO | Getting tokens...
2026.07.22 13:41:49 | core.stats_api | INFO | Tokens updated
2026.07.22 13:41:51 | core.services.services | INFO | All Available matches saved.
2026.07.22 13:54:17 | core.services.services | INFO | All Available matches saved.
2026.07.22 13:57:05 | core.stats_api | INFO | Getting tokens...
2026.07.22 13:57:17 | core.stats_api | INFO | Tokens updated
2026.07.22 13:57:19 | core.services.services | INFO | Match 1784716900 The Singularity saved.
2026.07.22 13:57:19 | core.services.services | INFO | All Available matches saved.
2026.07.22 13:58:09 | core.services.services | INFO | All Available matches saved.
2026.07.22 14:01:12 | core.stats_api | INFO | Getting tokens...
2026.07.22 14:01:13 | core.stats_api | INFO | Tokens updated
2026.07.22 14:01:15 | core.services.services | INFO | All Available matches saved.
2026.07.22 14:15:28 | core.services.services | INFO | All Available matches saved.
2026.07.22 14:28:07 | core.services.services | INFO | Match 1784718825 The Singularity saved.
2026.07.22 14:28:07 | core.services.services | INFO | All Available matches saved.
2026.07.22 14:31:09 | core.services.services | INFO | All Available matches saved.
2026.07.22 14:31:48 | core.services.services | INFO | All Available matches saved.
2026.07.22 14:33:23 | core.services.services | INFO | All Available matches saved.
2026.07.22 14:44:09 | core.services.services | INFO | All Available matches saved.
2026.07.22 14:52:57 | core.services.services | INFO | Match 1784720209 The Singularity saved.
2026.07.22 14:52:57 | core.services.services | INFO | All Available matches saved.
2026.07.22 15:07:50 | core.stats_api | INFO | Getting tokens...
2026.07.22 15:07:51 | core.stats_api | INFO | Tokens updated
2026.07.22 15:07:54 | core.services.services | INFO | Match 1784721391 The Singularity saved.
2026.07.22 15:07:54 | core.services.services | INFO | All Available matches saved.
2026.07.22 15:22:46 | core.services.services | INFO | All Available matches saved.
2026.07.22 15:37:29 | core.services.services | INFO | All Available matches saved.
2026.07.22 15:52:13 | core.services.services | INFO | All Available matches saved.
2026.07.22 16:06:56 | core.services.services | INFO | All Available matches saved.
2026.07.22 16:21:38 | core.stats_api | INFO | Getting tokens...
2026.07.22 16:21:39 | core.stats_api | INFO | Tokens updated
2026.07.22 16:21:41 | core.services.services | INFO | All Available matches saved.
2026.07.22 16:37:21 | __main__ | ERROR | Cannot connect to host account-backend.bhvr.com:443 ssl:default [None]
2026.07.22 16:37:42 | core.services.services | INFO | All Available matches saved.
2026.07.22 16:52:25 | core.services.services | INFO | All Available matches saved.
2026.07.22 17:01:36 | core.services.services | INFO | All Available matches saved.
2026.07.22 17:02:14 | core.services.services | INFO | All Available matches saved.
2026.07.22 17:03:12 | core.services.services | INFO | All Available matches saved.
2026.07.22 18:00:37 | core.stats_api | INFO | Getting tokens...
2026.07.22 18:00:38 | core.stats_api | INFO | Tokens updated
2026.07.22 18:00:40 | core.services.services | INFO | Match 1784731864 The Singularity saved.
2026.07.22 18:00:40 | core.services.services | INFO | All Available matches saved.
2026.07.22 18:13:13 | core.services.services | INFO | All Available matches saved.
2026.07.22 18:23:23 | core.services.services | INFO | Match 1784732820 The Singularity saved.
2026.07.22 18:23:23 | core.services.services | INFO | All Available matches saved.
2026.07.22 18:23:49 | __main__ | ERROR | HTTP Client says - ClientConnectorError: Cannot connect to host api.telegram.org:443 ssl:default [None]
2026.07.22 18:24:02 | core.services.services | INFO | All Available matches saved.
2026.07.22 18:26:55 | core.services.services | INFO | All Available matches saved.
2026.07.22 18:38:31 | core.services.services | INFO | All Available matches saved.
2026.07.22 18:44:25 | core.services.services | INFO | Match 1784734391 The Singularity saved.
2026.07.22 18:44:25 | core.services.services | INFO | All Available matches saved.
2026.07.22 18:56:20 | core.services.services | INFO | All Available matches saved.
2026.07.22 19:03:46 | core.stats_api | INFO | Getting tokens...
2026.07.22 19:03:46 | core.stats_api | INFO | Tokens updated
2026.07.22 19:03:48 | core.services.services | INFO | Match 1784735516 The Singularity saved.
2026.07.22 19:03:48 | core.services.services | INFO | All Available matches saved.
2026.07.22 19:14:38 | core.services.services | INFO | All Available matches saved.
2026.07.22 19:20:28 | core.services.services | INFO | Match 1784736561 The Singularity saved.
2026.07.22 19:20:28 | core.services.services | INFO | All Available matches saved.
2026.07.22 19:24:54 | core.stats_api | INFO | Getting tokens...
2026.07.22 19:24:55 | core.stats_api | INFO | Tokens updated
2026.07.22 19:24:56 | core.services.services | INFO | All Available matches saved.
2026.07.22 19:30:48 | core.services.services | INFO | Match 1784737485 The Singularity saved.
2026.07.22 19:30:48 | core.services.services | INFO | All Available matches saved.
2026.07.22 19:44:30 | core.services.services | INFO | All Available matches saved.
2026.07.22 19:52:09 | core.services.services | INFO | Match 1784738341 The Singularity saved.
2026.07.22 19:52:09 | core.services.services | INFO | All Available matches saved.
2026.07.22 19:54:32 | core.services.services | INFO | All Available matches saved.
2026.07.22 19:54:35 | core.services.services | INFO | All Available matches saved.
2026.07.22 20:08:15 | core.services.services | INFO | All Available matches saved.
2026.07.22 20:17:00 | core.services.services | INFO | Match 1784739520 The Singularity saved.
2026.07.22 20:17:00 | core.services.services | INFO | All Available matches saved.
2026.07.22 20:51:28 | pynput.keyboard.Listener | ERROR | Unhandled exception in listener callback
Traceback (most recent call last):
  File "D:\Developing\Python\DBDStatsAPI\.venv\Lib\site-packages\pynput\_util\__init__.py", line 235, in inner
    return f(self, *args, **kwargs)
  File "D:\Developing\Python\DBDStatsAPI\.venv\Lib\site-packages\pynput\keyboard\_win32.py", line 347, in _process
    self.on_press(key, injected)
    ~~~~~~~~~~~~~^^^^^^^^^^^^^^^
  File "D:\Developing\Python\DBDStatsAPI\.venv\Lib\site-packages\pynput\_util\__init__.py", line 153, in inner
    if f(*args) is False:
       ~^^^^^^^
  File "D:\Developing\Python\DBDStatsAPI\.venv\Lib\site-packages\pynput\_util\__init__.py", line 299, in <lambda>
    return lambda *a: f(*a[:actual])
                      ~^^^^^^^^^^^^^
  File "d:\Developing\Python\DBDStatsAPI\main.py", line 71, in on_press
    if key.vk == 96:
       ^^^^^^
AttributeError: 'Key' object has no attribute 'vk'
2026.07.22 20:51:57 | pynput.keyboard.Listener | ERROR | Unhandled exception in listener callback
Traceback (most recent call last):
  File "D:\Developing\Python\DBDStatsAPI\.venv\Lib\site-packages\pynput\_util\__init__.py", line 235, in inner
    return f(self, *args, **kwargs)
  File "D:\Developing\Python\DBDStatsAPI\.venv\Lib\site-packages\pynput\keyboard\_win32.py", line 347, in _process
    self.on_press(key, injected)
    ~~~~~~~~~~~~~^^^^^^^^^^^^^^^
  File "D:\Developing\Python\DBDStatsAPI\.venv\Lib\site-packages\pynput\_util\__init__.py", line 153, in inner
    if f(*args) is False:
       ~^^^^^^^
  File "D:\Developing\Python\DBDStatsAPI\.venv\Lib\site-packages\pynput\_util\__init__.py", line 299, in <lambda>
    return lambda *a: f(*a[:actual])
                      ~^^^^^^^^^^^^^
  File "d:\Developing\Python\DBDStatsAPI\main.py", line 72, in on_press
    if key.vk == 96:
       ^^^^^^
AttributeError: 'Key' object has no attribute 'vk'
2026.07.22 20:52:55 | pynput.keyboard.Listener | ERROR | Unhandled exception in listener callback
Traceback (most recent call last):
  File "D:\Developing\Python\DBDStatsAPI\.venv\Lib\site-packages\pynput\_util\__init__.py", line 235, in inner
    return f(self, *args, **kwargs)
  File "D:\Developing\Python\DBDStatsAPI\.venv\Lib\site-packages\pynput\keyboard\_win32.py", line 347, in _process
    self.on_press(key, injected)
    ~~~~~~~~~~~~~^^^^^^^^^^^^^^^
  File "D:\Developing\Python\DBDStatsAPI\.venv\Lib\site-packages\pynput\_util\__init__.py", line 153, in inner
    if f(*args) is False:
       ~^^^^^^^
  File "D:\Developing\Python\DBDStatsAPI\.venv\Lib\site-packages\pynput\_util\__init__.py", line 299, in <lambda>
    return lambda *a: f(*a[:actual])
                      ~^^^^^^^^^^^^^
  File "d:\Developing\Python\DBDStatsAPI\main.py", line 73, in on_press
    if key.vk == "<96>":
       ^^^^^^
AttributeError: 'Key' object has no attribute 'vk'
2026.07.23 13:22:31 | core.stats_api | INFO | Getting tokens...
2026.07.23 13:22:32 | core.stats_api | INFO | Tokens updated
2026.07.23 13:22:33 | core.services.services | INFO | Match 1784801366 Nea Karlsson saved.
2026.07.23 13:22:33 | core.services.services | INFO | All Available matches saved.
2026.07.23 13:36:20 | core.services.services | INFO | Match 1784802146 Nea Karlsson saved.
2026.07.23 13:36:20 | core.services.services | INFO | All Available matches saved.
2026.07.23 13:50:08 | core.services.services | INFO | Match 1784802809 Nea Karlsson saved.
2026.07.23 13:50:08 | core.services.services | INFO | Match 1784803257 Nea Karlsson saved.
2026.07.23 13:50:08 | core.services.services | INFO | All Available matches saved.
2026.07.23 13:50:19 | __main__ | ERROR | unsupported type for timedelta seconds component: NoneType
2026.07.23 13:50:20 | core.services.services | INFO | All Available matches saved.
2026.07.23 14:03:12 | core.services.services | INFO | Match 1784803505 Nea Karlsson saved.
2026.07.23 14:03:12 | core.services.services | INFO | All Available matches saved.
2026.07.23 14:15:22 | core.services.services | INFO | Match 1784804594 Nea Karlsson saved.
2026.07.23 14:15:22 | core.services.services | INFO | All Available matches saved.
2026.07.23 14:27:33 | core.stats_api | INFO | Getting tokens...
2026.07.23 14:27:34 | core.stats_api | INFO | Tokens updated
2026.07.23 14:27:36 | core.services.services | INFO | All Available matches saved.
2026.07.23 14:38:09 | core.stats_api | INFO | Getting tokens...
2026.07.23 14:38:09 | core.stats_api | INFO | Tokens updated
2026.07.23 14:38:11 | core.services.services | INFO | Match 1784805556 Nea Karlsson saved.
2026.07.23 14:38:11 | core.services.services | INFO | All Available matches saved.
2026.07.23 14:47:29 | core.services.services | INFO | Match 1784806511 Nea Karlsson saved.
2026.07.23 14:47:29 | core.services.services | INFO | All Available matches saved.
2026.07.23 15:00:01 | core.services.services | INFO | All Available matches saved.
2026.07.23 15:09:06 | core.services.services | INFO | Match 1784807408 Nea Karlsson saved.
2026.07.23 15:09:06 | core.services.services | INFO | All Available matches saved.
2026.07.23 15:15:44 | core.services.services | INFO | Match 1784808613 Nea Karlsson saved.
2026.07.23 15:15:44 | core.services.services | INFO | All Available matches saved.
2026.07.23 15:15:44 | __main__ | ERROR | unsupported type for timedelta seconds component: NoneType
2026.07.23 15:15:45 | core.services.services | INFO | All Available matches saved.
2026.07.23 15:29:21 | core.services.services | INFO | All Available matches saved.
2026.07.23 15:42:56 | core.stats_api | INFO | Getting tokens...
2026.07.23 15:42:56 | core.stats_api | INFO | Tokens updated
2026.07.23 15:42:58 | core.services.services | INFO | Match 1784809312 Nea Karlsson saved.
2026.07.23 15:42:58 | core.services.services | INFO | All Available matches saved.
2026.07.23 15:56:28 | core.services.services | INFO | Match 1784810406 Nea Karlsson saved.
2026.07.23 15:56:28 | core.services.services | INFO | All Available matches saved.
2026.07.23 16:03:38 | core.services.services | INFO | Match 1784811454 The Singularity saved.
2026.07.23 16:03:38 | core.services.services | INFO | All Available matches saved.
2026.07.24 20:17:03 | core.stats_api | INFO | Getting tokens...
2026.07.24 20:17:04 | core.stats_api | INFO | Tokens updated
2026.07.24 20:17:05 | core.services.services | INFO | Match 1784815029 The Singularity saved.
2026.07.24 20:17:05 | core.services.services | INFO | Match 1784816169 The Singularity saved.
2026.07.24 20:17:05 | core.services.services | INFO | Match 1784817601 The Singularity saved.
2026.07.24 20:17:05 | core.services.services | INFO | Match 1784818768 The Singularity saved.
2026.07.24 20:17:05 | core.services.services | INFO | All Available matches saved.
2026.07.25 20:44:16 | core.stats_api | INFO | Getting tokens...
2026.07.25 20:44:17 | core.stats_api | INFO | Tokens updated
2026.07.25 20:44:19 | core.services.services | INFO | Match 1784994190 Mikaela Reid saved.
2026.07.25 20:44:19 | core.services.services | INFO | Match 1784994550 Mikaela Reid saved.
2026.07.25 20:44:19 | core.services.services | INFO | Match 1784995446 Mikaela Reid saved.
2026.07.25 20:44:19 | core.services.services | INFO | Match 1784996242 Mikaela Reid saved.
2026.07.25 20:44:19 | core.services.services | INFO | Match 1784996679 Mikaela Reid saved.
2026.07.25 20:44:19 | core.services.services | INFO | Match 1784997423 Mikaela Reid saved.
2026.07.25 20:44:19 | core.services.services | INFO | Match 1784997928 Mikaela Reid saved.
2026.07.25 20:44:19 | core.services.services | INFO | Match 1784998948 The Singularity saved.
2026.07.25 20:44:19 | core.services.services | INFO | Match 1785000434 The Singularity saved.
2026.07.25 20:44:19 | core.services.services | INFO | All Available matches saved.
2026.07.25 20:56:52 | core.services.services | INFO | Match 1785001756 The Singularity saved.
2026.07.25 20:56:52 | core.services.services | INFO | All Available matches saved.
2026.07.25 21:04:12 | core.services.services | INFO | All Available matches saved.
2026.07.28 14:39:50 | core.stats_api | INFO | Getting tokens...
2026.07.28 14:39:51 | core.stats_api | INFO | Tokens updated
2026.07.28 14:39:52 | core.services.services | INFO | Match 1785224652 Mikaela Reid saved.
2026.07.28 14:39:52 | core.services.services | INFO | Match 1785225775 The Wraith saved.
2026.07.28 14:39:52 | core.services.services | INFO | Match 1785226960 The Wraith saved.
2026.07.28 14:39:52 | core.services.services | INFO | Match 1785228002 The Singularity saved.
2026.07.28 14:39:52 | core.services.services | INFO | Match 1785230042 The Singularity saved.
2026.07.28 14:39:52 | core.services.services | INFO | Match 1785231298 The Singularity saved.
2026.07.28 14:39:52 | core.services.services | INFO | Match 1785232946 The Singularity saved.
2026.07.28 14:39:52 | core.services.services | INFO | Match 1785233885 The Singularity saved.
2026.07.28 14:39:52 | core.services.services | INFO | Match 1785235099 The Singularity saved.
2026.07.28 14:39:53 | core.services.services | INFO | Match 1785236580 The Singularity saved.
2026.07.28 14:39:53 | core.services.services | INFO | Match 1785237741 The Singularity saved.
2026.07.28 14:39:53 | core.services.services | INFO | All Available matches saved.
2026.07.28 14:52:28 | core.services.services | INFO | All Available matches saved.
2026.07.28 14:59:22 | core.services.services | INFO | Match 1785239316 The Singularity saved.
2026.07.28 14:59:22 | core.services.services | INFO | All Available matches saved.
2026.07.28 15:13:32 | core.services.services | INFO | Match 1785240364 The Unknown saved.
2026.07.28 15:13:32 | core.services.services | INFO | All Available matches saved.
2026.07.28 15:27:41 | core.services.services | INFO | All Available matches saved.
2026.07.28 15:38:34 | core.services.services | INFO | Match 1785241559 The Unknown saved.
2026.07.28 15:38:34 | core.services.services | INFO | All Available matches saved.
2026.07.30 11:00:01 | core.stats_api | INFO | Getting tokens...
2026.07.30 11:00:02 | core.stats_api | INFO | Tokens updated
2026.07.30 11:00:03 | core.services.services | INFO | All Available matches saved.
